/usr/local/lib/python3.8/site-packages/pyspark/bin/load-spark-env.sh: line 68: ps: command not found
:: loading settings :: url = jar:file:/usr/local/lib/python3.8/site-packages/pyspark/jars/ivy-2.5.1.jar!/org/apache/ivy/core/settings/ivysettings.xml
Ivy Default Cache set to: /root/.ivy2/cache
The jars for the packages stored in: /root/.ivy2/jars
org.apache.spark#spark-sql-kafka-0-10_2.12 added as a dependency
:: resolving dependencies :: org.apache.spark#spark-submit-parent-b75ae2d0-a66b-4988-8097-f447c8346a04;1.0
	confs: [default]
	found org.apache.spark#spark-sql-kafka-0-10_2.12;3.5.1 in central
	found org.apache.spark#spark-token-provider-kafka-0-10_2.12;3.5.1 in central
	found org.apache.kafka#kafka-clients;3.4.1 in central
	found org.lz4#lz4-java;1.8.0 in central
	found org.xerial.snappy#snappy-java;1.1.10.3 in central
	found org.slf4j#slf4j-api;2.0.7 in central
	found org.apache.hadoop#hadoop-client-runtime;3.3.4 in central
	found org.apache.hadoop#hadoop-client-api;3.3.4 in central
	found commons-logging#commons-logging;1.1.3 in central
	found com.google.code.findbugs#jsr305;3.0.0 in central
	found org.apache.commons#commons-pool2;2.11.1 in central
:: resolution report :: resolve 2580ms :: artifacts dl 77ms
	:: modules in use:
	com.google.code.findbugs#jsr305;3.0.0 from central in [default]
	commons-logging#commons-logging;1.1.3 from central in [default]
	org.apache.commons#commons-pool2;2.11.1 from central in [default]
	org.apache.hadoop#hadoop-client-api;3.3.4 from central in [default]
	org.apache.hadoop#hadoop-client-runtime;3.3.4 from central in [default]
	org.apache.kafka#kafka-clients;3.4.1 from central in [default]
	org.apache.spark#spark-sql-kafka-0-10_2.12;3.5.1 from central in [default]
	org.apache.spark#spark-token-provider-kafka-0-10_2.12;3.5.1 from central in [default]
	org.lz4#lz4-java;1.8.0 from central in [default]
	org.slf4j#slf4j-api;2.0.7 from central in [default]
	org.xerial.snappy#snappy-java;1.1.10.3 from central in [default]
	---------------------------------------------------------------------
	|                  |            modules            ||   artifacts   |
	|       conf       | number| search|dwnlded|evicted|| number|dwnlded|
	---------------------------------------------------------------------
	|      default     |   11  |   0   |   0   |   0   ||   11  |   0   |
	---------------------------------------------------------------------
:: retrieving :: org.apache.spark#spark-submit-parent-b75ae2d0-a66b-4988-8097-f447c8346a04
	confs: [default]
	0 artifacts copied, 11 already retrieved (0kB/26ms)
26/08/11 23:49:21 WARN NativeCodeLoader: Unable to load native-hadoop library for your platform... using builtin-java classes where applicable
26/08/11 23:49:23 INFO SparkContext: Running Spark version 3.5.1
26/08/11 23:49:23 INFO SparkContext: OS info Linux, 6.8.0-1052-azure, amd64
26/08/11 23:49:23 INFO SparkContext: Java version 17.0.20
26/08/11 23:49:23 INFO ResourceUtils: ==============================================================
26/08/11 23:49:23 INFO ResourceUtils: No custom resources configured for spark.driver.
26/08/11 23:49:23 INFO ResourceUtils: ==============================================================
26/08/11 23:49:23 INFO SparkContext: Submitted application: ActividadKafkaStreamingDemo
26/08/11 23:49:23 INFO ResourceProfile: Default ResourceProfile created, executor resources: Map(memory -> name: memory, amount: 1024, script: , vendor: , offHeap -> name: offHeap, amount: 0, script: , vendor: ), task resources: Map(cpus -> name: cpus, amount: 1.0)
26/08/11 23:49:23 INFO ResourceProfile: Limiting resource is cpu
26/08/11 23:49:23 INFO ResourceProfileManager: Added ResourceProfile id: 0
26/08/11 23:49:23 INFO SecurityManager: Changing view acls to: root
26/08/11 23:49:23 INFO SecurityManager: Changing modify acls to: root
26/08/11 23:49:23 INFO SecurityManager: Changing view acls groups to: 
26/08/11 23:49:23 INFO SecurityManager: Changing modify acls groups to: 
26/08/11 23:49:23 INFO SecurityManager: SecurityManager: authentication disabled; ui acls disabled; users with view permissions: root; groups with view permissions: EMPTY; users with modify permissions: root; groups with modify permissions: EMPTY
26/08/11 23:49:23 INFO Utils: Successfully started service 'sparkDriver' on port 39561.
26/08/11 23:49:24 INFO SparkEnv: Registering MapOutputTracker
26/08/11 23:49:24 INFO SparkEnv: Registering BlockManagerMaster
26/08/11 23:49:24 INFO BlockManagerMasterEndpoint: Using org.apache.spark.storage.DefaultTopologyMapper for getting topology information
26/08/11 23:49:24 INFO BlockManagerMasterEndpoint: BlockManagerMasterEndpoint up
26/08/11 23:49:24 INFO SparkEnv: Registering BlockManagerMasterHeartbeat
26/08/11 23:49:24 INFO DiskBlockManager: Created local directory at /tmp/blockmgr-0d448925-0178-43cc-b6c4-0042f6e8ec0e
26/08/11 23:49:24 INFO MemoryStore: MemoryStore started with capacity 434.4 MiB
26/08/11 23:49:24 INFO SparkEnv: Registering OutputCommitCoordinator
26/08/11 23:49:24 INFO JettyUtils: Start Jetty 0.0.0.0:4040 for SparkUI
26/08/11 23:49:24 WARN Utils: Service 'SparkUI' could not bind on port 4040. Attempting port 4041.
26/08/11 23:49:24 INFO Utils: Successfully started service 'SparkUI' on port 4041.
26/08/11 23:49:24 INFO SparkContext: Added JAR file:///root/.ivy2/jars/org.apache.spark_spark-sql-kafka-0-10_2.12-3.5.1.jar at spark://jupyter:39561/jars/org.apache.spark_spark-sql-kafka-0-10_2.12-3.5.1.jar with timestamp 1786492163212
26/08/11 23:49:24 INFO SparkContext: Added JAR file:///root/.ivy2/jars/org.apache.spark_spark-token-provider-kafka-0-10_2.12-3.5.1.jar at spark://jupyter:39561/jars/org.apache.spark_spark-token-provider-kafka-0-10_2.12-3.5.1.jar with timestamp 1786492163212
26/08/11 23:49:24 INFO SparkContext: Added JAR file:///root/.ivy2/jars/org.apache.kafka_kafka-clients-3.4.1.jar at spark://jupyter:39561/jars/org.apache.kafka_kafka-clients-3.4.1.jar with timestamp 1786492163212
26/08/11 23:49:24 INFO SparkContext: Added JAR file:///root/.ivy2/jars/com.google.code.findbugs_jsr305-3.0.0.jar at spark://jupyter:39561/jars/com.google.code.findbugs_jsr305-3.0.0.jar with timestamp 1786492163212
26/08/11 23:49:24 INFO SparkContext: Added JAR file:///root/.ivy2/jars/org.apache.commons_commons-pool2-2.11.1.jar at spark://jupyter:39561/jars/org.apache.commons_commons-pool2-2.11.1.jar with timestamp 1786492163212
26/08/11 23:49:24 INFO SparkContext: Added JAR file:///root/.ivy2/jars/org.apache.hadoop_hadoop-client-runtime-3.3.4.jar at spark://jupyter:39561/jars/org.apache.hadoop_hadoop-client-runtime-3.3.4.jar with timestamp 1786492163212
26/08/11 23:49:24 INFO SparkContext: Added JAR file:///root/.ivy2/jars/org.lz4_lz4-java-1.8.0.jar at spark://jupyter:39561/jars/org.lz4_lz4-java-1.8.0.jar with timestamp 1786492163212
26/08/11 23:49:24 INFO SparkContext: Added JAR file:///root/.ivy2/jars/org.xerial.snappy_snappy-java-1.1.10.3.jar at spark://jupyter:39561/jars/org.xerial.snappy_snappy-java-1.1.10.3.jar with timestamp 1786492163212
26/08/11 23:49:24 INFO SparkContext: Added JAR file:///root/.ivy2/jars/org.slf4j_slf4j-api-2.0.7.jar at spark://jupyter:39561/jars/org.slf4j_slf4j-api-2.0.7.jar with timestamp 1786492163212
26/08/11 23:49:24 INFO SparkContext: Added JAR file:///root/.ivy2/jars/org.apache.hadoop_hadoop-client-api-3.3.4.jar at spark://jupyter:39561/jars/org.apache.hadoop_hadoop-client-api-3.3.4.jar with timestamp 1786492163212
26/08/11 23:49:24 INFO SparkContext: Added JAR file:///root/.ivy2/jars/commons-logging_commons-logging-1.1.3.jar at spark://jupyter:39561/jars/commons-logging_commons-logging-1.1.3.jar with timestamp 1786492163212
26/08/11 23:49:24 INFO SparkContext: Added file file:///root/.ivy2/jars/org.apache.spark_spark-sql-kafka-0-10_2.12-3.5.1.jar at spark://jupyter:39561/files/org.apache.spark_spark-sql-kafka-0-10_2.12-3.5.1.jar with timestamp 1786492163212
26/08/11 23:49:24 INFO Utils: Copying /root/.ivy2/jars/org.apache.spark_spark-sql-kafka-0-10_2.12-3.5.1.jar to /tmp/spark-b3775b19-e24e-4f44-8907-341b6e83dfcc/userFiles-056cab06-5f44-47ed-b25c-8e4e2c27d65f/org.apache.spark_spark-sql-kafka-0-10_2.12-3.5.1.jar
26/08/11 23:49:24 INFO SparkContext: Added file file:///root/.ivy2/jars/org.apache.spark_spark-token-provider-kafka-0-10_2.12-3.5.1.jar at spark://jupyter:39561/files/org.apache.spark_spark-token-provider-kafka-0-10_2.12-3.5.1.jar with timestamp 1786492163212
26/08/11 23:49:24 INFO Utils: Copying /root/.ivy2/jars/org.apache.spark_spark-token-provider-kafka-0-10_2.12-3.5.1.jar to /tmp/spark-b3775b19-e24e-4f44-8907-341b6e83dfcc/userFiles-056cab06-5f44-47ed-b25c-8e4e2c27d65f/org.apache.spark_spark-token-provider-kafka-0-10_2.12-3.5.1.jar
26/08/11 23:49:24 INFO SparkContext: Added file file:///root/.ivy2/jars/org.apache.kafka_kafka-clients-3.4.1.jar at spark://jupyter:39561/files/org.apache.kafka_kafka-clients-3.4.1.jar with timestamp 1786492163212
26/08/11 23:49:24 INFO Utils: Copying /root/.ivy2/jars/org.apache.kafka_kafka-clients-3.4.1.jar to /tmp/spark-b3775b19-e24e-4f44-8907-341b6e83dfcc/userFiles-056cab06-5f44-47ed-b25c-8e4e2c27d65f/org.apache.kafka_kafka-clients-3.4.1.jar
26/08/11 23:49:24 INFO SparkContext: Added file file:///root/.ivy2/jars/com.google.code.findbugs_jsr305-3.0.0.jar at spark://jupyter:39561/files/com.google.code.findbugs_jsr305-3.0.0.jar with timestamp 1786492163212
26/08/11 23:49:24 INFO Utils: Copying /root/.ivy2/jars/com.google.code.findbugs_jsr305-3.0.0.jar to /tmp/spark-b3775b19-e24e-4f44-8907-341b6e83dfcc/userFiles-056cab06-5f44-47ed-b25c-8e4e2c27d65f/com.google.code.findbugs_jsr305-3.0.0.jar
26/08/11 23:49:24 INFO SparkContext: Added file file:///root/.ivy2/jars/org.apache.commons_commons-pool2-2.11.1.jar at spark://jupyter:39561/files/org.apache.commons_commons-pool2-2.11.1.jar with timestamp 1786492163212
26/08/11 23:49:24 INFO Utils: Copying /root/.ivy2/jars/org.apache.commons_commons-pool2-2.11.1.jar to /tmp/spark-b3775b19-e24e-4f44-8907-341b6e83dfcc/userFiles-056cab06-5f44-47ed-b25c-8e4e2c27d65f/org.apache.commons_commons-pool2-2.11.1.jar
26/08/11 23:49:24 INFO SparkContext: Added file file:///root/.ivy2/jars/org.apache.hadoop_hadoop-client-runtime-3.3.4.jar at spark://jupyter:39561/files/org.apache.hadoop_hadoop-client-runtime-3.3.4.jar with timestamp 1786492163212
26/08/11 23:49:24 INFO Utils: Copying /root/.ivy2/jars/org.apache.hadoop_hadoop-client-runtime-3.3.4.jar to /tmp/spark-b3775b19-e24e-4f44-8907-341b6e83dfcc/userFiles-056cab06-5f44-47ed-b25c-8e4e2c27d65f/org.apache.hadoop_hadoop-client-runtime-3.3.4.jar
26/08/11 23:49:24 INFO SparkContext: Added file file:///root/.ivy2/jars/org.lz4_lz4-java-1.8.0.jar at spark://jupyter:39561/files/org.lz4_lz4-java-1.8.0.jar with timestamp 1786492163212
26/08/11 23:49:24 INFO Utils: Copying /root/.ivy2/jars/org.lz4_lz4-java-1.8.0.jar to /tmp/spark-b3775b19-e24e-4f44-8907-341b6e83dfcc/userFiles-056cab06-5f44-47ed-b25c-8e4e2c27d65f/org.lz4_lz4-java-1.8.0.jar
26/08/11 23:49:24 INFO SparkContext: Added file file:///root/.ivy2/jars/org.xerial.snappy_snappy-java-1.1.10.3.jar at spark://jupyter:39561/files/org.xerial.snappy_snappy-java-1.1.10.3.jar with timestamp 1786492163212
26/08/11 23:49:24 INFO Utils: Copying /root/.ivy2/jars/org.xerial.snappy_snappy-java-1.1.10.3.jar to /tmp/spark-b3775b19-e24e-4f44-8907-341b6e83dfcc/userFiles-056cab06-5f44-47ed-b25c-8e4e2c27d65f/org.xerial.snappy_snappy-java-1.1.10.3.jar
26/08/11 23:49:24 INFO SparkContext: Added file file:///root/.ivy2/jars/org.slf4j_slf4j-api-2.0.7.jar at spark://jupyter:39561/files/org.slf4j_slf4j-api-2.0.7.jar with timestamp 1786492163212
26/08/11 23:49:24 INFO Utils: Copying /root/.ivy2/jars/org.slf4j_slf4j-api-2.0.7.jar to /tmp/spark-b3775b19-e24e-4f44-8907-341b6e83dfcc/userFiles-056cab06-5f44-47ed-b25c-8e4e2c27d65f/org.slf4j_slf4j-api-2.0.7.jar
26/08/11 23:49:24 INFO SparkContext: Added file file:///root/.ivy2/jars/org.apache.hadoop_hadoop-client-api-3.3.4.jar at spark://jupyter:39561/files/org.apache.hadoop_hadoop-client-api-3.3.4.jar with timestamp 1786492163212
26/08/11 23:49:24 INFO Utils: Copying /root/.ivy2/jars/org.apache.hadoop_hadoop-client-api-3.3.4.jar to /tmp/spark-b3775b19-e24e-4f44-8907-341b6e83dfcc/userFiles-056cab06-5f44-47ed-b25c-8e4e2c27d65f/org.apache.hadoop_hadoop-client-api-3.3.4.jar
26/08/11 23:49:25 INFO SparkContext: Added file file:///root/.ivy2/jars/commons-logging_commons-logging-1.1.3.jar at spark://jupyter:39561/files/commons-logging_commons-logging-1.1.3.jar with timestamp 1786492163212
26/08/11 23:49:25 INFO Utils: Copying /root/.ivy2/jars/commons-logging_commons-logging-1.1.3.jar to /tmp/spark-b3775b19-e24e-4f44-8907-341b6e83dfcc/userFiles-056cab06-5f44-47ed-b25c-8e4e2c27d65f/commons-logging_commons-logging-1.1.3.jar
26/08/11 23:49:25 INFO StandaloneAppClient$ClientEndpoint: Connecting to master spark://spark-master:7077...
26/08/11 23:49:25 INFO TransportClientFactory: Successfully created connection to spark-master/172.27.1.10:7077 after 54 ms (0 ms spent in bootstraps)
26/08/11 23:49:25 INFO StandaloneSchedulerBackend: Connected to Spark cluster with app ID app-20260811234925-0002
26/08/11 23:49:25 INFO Utils: Successfully started service 'org.apache.spark.network.netty.NettyBlockTransferService' on port 42047.
26/08/11 23:49:25 INFO NettyBlockTransferService: Server created on jupyter:42047
26/08/11 23:49:25 INFO BlockManager: Using org.apache.spark.storage.RandomBlockReplicationPolicy for block replication policy
26/08/11 23:49:25 INFO BlockManagerMaster: Registering BlockManager BlockManagerId(driver, jupyter, 42047, None)
26/08/11 23:49:25 INFO BlockManagerMasterEndpoint: Registering block manager jupyter:42047 with 434.4 MiB RAM, BlockManagerId(driver, jupyter, 42047, None)
26/08/11 23:49:25 INFO BlockManagerMaster: Registered BlockManager BlockManagerId(driver, jupyter, 42047, None)
26/08/11 23:49:25 INFO BlockManager: Initialized BlockManager: BlockManagerId(driver, jupyter, 42047, None)
26/08/11 23:49:25 INFO StandaloneSchedulerBackend: SchedulerBackend is ready for scheduling beginning after reached minRegisteredResourcesRatio: 0.0
26/08/11 23:49:29 WARN ResolveWriteToStream: Temporary checkpoint location created which is deleted normally when the query didn't fail: /tmp/temporary-e8d6e235-a17f-4fbb-a976-9ef5c6b393d1. If it's required to delete it under any circumstances, please set spark.sql.streaming.forceDeleteTempCheckpointLocation to true. Important to know deleting temp checkpoint folder is best effort.
26/08/11 23:49:29 WARN ResolveWriteToStream: spark.sql.adaptive.enabled is not supported in streaming DataFrames/Datasets and will be disabled.
26/08/11 23:49:29 WARN ResolveWriteToStream: Temporary checkpoint location created which is deleted normally when the query didn't fail: /tmp/temporary-1f1105aa-99e2-4146-8c86-2efd19107ad9. If it's required to delete it under any circumstances, please set spark.sql.streaming.forceDeleteTempCheckpointLocation to true. Important to know deleting temp checkpoint folder is best effort.
26/08/11 23:49:29 WARN ResolveWriteToStream: spark.sql.adaptive.enabled is not supported in streaming DataFrames/Datasets and will be disabled.
>> Streaming iniciado. Revisa http://localhost:8080 y http://localhost:4040
>> Corriendo consultas 'ventas_por_canal' y 'ventas_por_tienda' cada 5s...
26/08/11 23:49:30 WARN AdminClientConfig: These configurations '[key.deserializer, value.deserializer, enable.auto.commit, max.poll.records, auto.offset.reset]' were supplied but are not used yet.
26/08/11 23:49:30 WARN AdminClientConfig: These configurations '[key.deserializer, value.deserializer, enable.auto.commit, max.poll.records, auto.offset.reset]' were supplied but are not used yet.
26/08/11 23:49:48 WARN TaskSchedulerImpl: Initial job has not accepted any resources; check your cluster UI to ensure that workers are registered and have sufficient resources
26/08/11 23:50:03 WARN TaskSchedulerImpl: Initial job has not accepted any resources; check your cluster UI to ensure that workers are registered and have sufficient resources
26/08/11 23:50:07 ERROR WriteToDataSourceV2Exec: Data source write support MicroBatchWrite[epoch: 0, writer: ConsoleWriter[numRows=20, truncate=false]] is aborting.
26/08/11 23:50:07 ERROR WriteToDataSourceV2Exec: Data source write support MicroBatchWrite[epoch: 0, writer: ConsoleWriter[numRows=20, truncate=false]] aborted.
26/08/11 23:50:07 ERROR WriteToDataSourceV2Exec: Data source write support MicroBatchWrite[epoch: 0, writer: ConsoleWriter[numRows=20, truncate=false]] is aborting.
26/08/11 23:50:07 ERROR WriteToDataSourceV2Exec: Data source write support MicroBatchWrite[epoch: 0, writer: ConsoleWriter[numRows=20, truncate=false]] aborted.
26/08/11 23:50:07 ERROR MicroBatchExecution: Query ventas_por_tienda [id = 867ec3b3-7cd4-431a-8507-ab815b23b8d7, runId = 9ae9363a-dc68-4a91-872d-3833b2db7a18] terminated with error
org.apache.spark.SparkException: Job 1 cancelled because SparkContext was shut down
	at org.apache.spark.scheduler.DAGScheduler.$anonfun$cleanUpAfterSchedulerStop$1(DAGScheduler.scala:1253)
	at org.apache.spark.scheduler.DAGScheduler.$anonfun$cleanUpAfterSchedulerStop$1$adapted(DAGScheduler.scala:1251)
	at scala.collection.mutable.HashSet.foreach(HashSet.scala:79)
	at org.apache.spark.scheduler.DAGScheduler.cleanUpAfterSchedulerStop(DAGScheduler.scala:1251)
	at org.apache.spark.scheduler.DAGSchedulerEventProcessLoop.onStop(DAGScheduler.scala:3087)
	at org.apache.spark.util.EventLoop.stop(EventLoop.scala:84)
	at org.apache.spark.scheduler.DAGScheduler.$anonfun$stop$3(DAGScheduler.scala:2973)
	at org.apache.spark.util.Utils$.tryLogNonFatalError(Utils.scala:1375)
	at org.apache.spark.scheduler.DAGScheduler.stop(DAGScheduler.scala:2973)
	at org.apache.spark.SparkContext.$anonfun$stop$12(SparkContext.scala:2263)
	at org.apache.spark.util.Utils$.tryLogNonFatalError(Utils.scala:1375)
	at org.apache.spark.SparkContext.stop(SparkContext.scala:2263)
	at org.apache.spark.SparkContext.stop(SparkContext.scala:2216)
	at org.apache.spark.SparkContext.$anonfun$new$34(SparkContext.scala:686)
	at org.apache.spark.util.SparkShutdownHook.run(ShutdownHookManager.scala:214)
	at org.apache.spark.util.SparkShutdownHookManager.$anonfun$runAll$2(ShutdownHookManager.scala:188)
	at scala.runtime.java8.JFunction0$mcV$sp.apply(JFunction0$mcV$sp.java:23)
	at org.apache.spark.util.Utils$.logUncaughtExceptions(Utils.scala:1928)
	at org.apache.spark.util.SparkShutdownHookManager.$anonfun$runAll$1(ShutdownHookManager.scala:188)
	at scala.runtime.java8.JFunction0$mcV$sp.apply(JFunction0$mcV$sp.java:23)
	at scala.util.Try$.apply(Try.scala:213)
	at org.apache.spark.util.SparkShutdownHookManager.runAll(ShutdownHookManager.scala:188)
	at org.apache.spark.util.SparkShutdownHookManager$$anon$2.run(ShutdownHookManager.scala:178)
	at java.base/java.util.concurrent.Executors$RunnableAdapter.call(Executors.java:539)
	at java.base/java.util.concurrent.FutureTask.run(FutureTask.java:264)
	at java.base/java.util.concurrent.ThreadPoolExecutor.runWorker(ThreadPoolExecutor.java:1136)
	at java.base/java.util.concurrent.ThreadPoolExecutor$Worker.run(ThreadPoolExecutor.java:635)
	at java.base/java.lang.Thread.run(Thread.java:840)
	at org.apache.spark.scheduler.DAGScheduler.runJob(DAGScheduler.scala:989)
	at org.apache.spark.SparkContext.runJob(SparkContext.scala:2398)
	at org.apache.spark.sql.execution.datasources.v2.V2TableWriteExec.writeWithV2(WriteToDataSourceV2Exec.scala:385)
	at org.apache.spark.sql.execution.datasources.v2.V2TableWriteExec.writeWithV2$(WriteToDataSourceV2Exec.scala:359)
	at org.apache.spark.sql.execution.datasources.v2.WriteToDataSourceV2Exec.writeWithV2(WriteToDataSourceV2Exec.scala:307)
	at org.apache.spark.sql.execution.datasources.v2.WriteToDataSourceV2Exec.run(WriteToDataSourceV2Exec.scala:318)
	at org.apache.spark.sql.execution.datasources.v2.V2CommandExec.result$lzycompute(V2CommandExec.scala:43)
	at org.apache.spark.sql.execution.datasources.v2.V2CommandExec.result(V2CommandExec.scala:43)
	at org.apache.spark.sql.execution.datasources.v2.V2CommandExec.executeCollect(V2CommandExec.scala:49)
	at org.apache.spark.sql.Dataset.collectFromPlan(Dataset.scala:4332)
	at org.apache.spark.sql.Dataset.$anonfun$collect$1(Dataset.scala:3573)
	at org.apache.spark.sql.Dataset.$anonfun$withAction$2(Dataset.scala:4322)
	at org.apache.spark.sql.execution.QueryExecution$.withInternalError(QueryExecution.scala:546)
	at org.apache.spark.sql.Dataset.$anonfun$withAction$1(Dataset.scala:4320)
	at org.apache.spark.sql.execution.SQLExecution$.$anonfun$withNewExecutionId$6(SQLExecution.scala:125)
	at org.apache.spark.sql.execution.SQLExecution$.withSQLConfPropagated(SQLExecution.scala:201)
	at org.apache.spark.sql.execution.SQLExecution$.$anonfun$withNewExecutionId$1(SQLExecution.scala:108)
	at org.apache.spark.sql.SparkSession.withActive(SparkSession.scala:900)
	at org.apache.spark.sql.execution.SQLExecution$.withNewExecutionId(SQLExecution.scala:66)
	at org.apache.spark.sql.Dataset.withAction(Dataset.scala:4320)
	at org.apache.spark.sql.Dataset.collect(Dataset.scala:3573)
	at org.apache.spark.sql.execution.streaming.MicroBatchExecution.$anonfun$runBatch$17(MicroBatchExecution.scala:741)
	at org.apache.spark.sql.execution.SQLExecution$.$anonfun$withNewExecutionId$6(SQLExecution.scala:125)
	at org.apache.spark.sql.execution.SQLExecution$.withSQLConfPropagated(SQLExecution.scala:201)
	at org.apache.spark.sql.execution.SQLExecution$.$anonfun$withNewExecutionId$1(SQLExecution.scala:108)
	at org.apache.spark.sql.SparkSession.withActive(SparkSession.scala:900)
	at org.apache.spark.sql.execution.SQLExecution$.withNewExecutionId(SQLExecution.scala:66)
	at org.apache.spark.sql.execution.streaming.MicroBatchExecution.$anonfun$runBatch$16(MicroBatchExecution.scala:729)
	at org.apache.spark.sql.execution.streaming.ProgressReporter.reportTimeTaken(ProgressReporter.scala:427)
	at org.apache.spark.sql.execution.streaming.ProgressReporter.reportTimeTaken$(ProgressReporter.scala:425)
	at org.apache.spark.sql.execution.streaming.StreamExecution.reportTimeTaken(StreamExecution.scala:67)
	at org.apache.spark.sql.execution.streaming.MicroBatchExecution.runBatch(MicroBatchExecution.scala:729)
	at org.apache.spark.sql.execution.streaming.MicroBatchExecution.$anonfun$runActivatedStream$2(MicroBatchExecution.scala:286)
	at scala.runtime.java8.JFunction0$mcV$sp.apply(JFunction0$mcV$sp.java:23)
	at org.apache.spark.sql.execution.streaming.ProgressReporter.reportTimeTaken(ProgressReporter.scala:427)
	at org.apache.spark.sql.execution.streaming.ProgressReporter.reportTimeTaken$(ProgressReporter.scala:425)
	at org.apache.spark.sql.execution.streaming.StreamExecution.reportTimeTaken(StreamExecution.scala:67)
	at org.apache.spark.sql.execution.streaming.MicroBatchExecution.$anonfun$runActivatedStream$1(MicroBatchExecution.scala:249)
	at org.apache.spark.sql.execution.streaming.ProcessingTimeExecutor.execute(TriggerExecutor.scala:67)
	at org.apache.spark.sql.execution.streaming.MicroBatchExecution.runActivatedStream(MicroBatchExecution.scala:239)
	at org.apache.spark.sql.execution.streaming.StreamExecution.$anonfun$runStream$1(StreamExecution.scala:311)
	at scala.runtime.java8.JFunction0$mcV$sp.apply(JFunction0$mcV$sp.java:23)
	at org.apache.spark.sql.SparkSession.withActive(SparkSession.scala:900)
	at org.apache.spark.sql.execution.streaming.StreamExecution.org$apache$spark$sql$execution$streaming$StreamExecution$$runStream(StreamExecution.scala:289)
	at org.apache.spark.sql.execution.streaming.StreamExecution$$anon$1.$anonfun$run$1(StreamExecution.scala:211)
	at scala.runtime.java8.JFunction0$mcV$sp.apply(JFunction0$mcV$sp.java:23)
	at org.apache.spark.JobArtifactSet$.withActiveJobArtifactState(JobArtifactSet.scala:94)
	at org.apache.spark.sql.execution.streaming.StreamExecution$$anon$1.run(StreamExecution.scala:211)
26/08/11 23:50:07 ERROR MicroBatchExecution: Query ventas_por_canal [id = 6dbae030-4913-458e-b66d-5a44a270fae8, runId = bc37d978-f6f6-4669-8f64-c9d01ef12c69] terminated with error
org.apache.spark.SparkException: Job 0 cancelled because SparkContext was shut down
	at org.apache.spark.scheduler.DAGScheduler.$anonfun$cleanUpAfterSchedulerStop$1(DAGScheduler.scala:1253)
	at org.apache.spark.scheduler.DAGScheduler.$anonfun$cleanUpAfterSchedulerStop$1$adapted(DAGScheduler.scala:1251)
	at scala.collection.mutable.HashSet.foreach(HashSet.scala:79)
	at org.apache.spark.scheduler.DAGScheduler.cleanUpAfterSchedulerStop(DAGScheduler.scala:1251)
	at org.apache.spark.scheduler.DAGSchedulerEventProcessLoop.onStop(DAGScheduler.scala:3087)
	at org.apache.spark.util.EventLoop.stop(EventLoop.scala:84)
	at org.apache.spark.scheduler.DAGScheduler.$anonfun$stop$3(DAGScheduler.scala:2973)
	at org.apache.spark.util.Utils$.tryLogNonFatalError(Utils.scala:1375)
	at org.apache.spark.scheduler.DAGScheduler.stop(DAGScheduler.scala:2973)
	at org.apache.spark.SparkContext.$anonfun$stop$12(SparkContext.scala:2263)
	at org.apache.spark.util.Utils$.tryLogNonFatalError(Utils.scala:1375)
	at org.apache.spark.SparkContext.stop(SparkContext.scala:2263)
	at org.apache.spark.SparkContext.stop(SparkContext.scala:2216)
	at org.apache.spark.SparkContext.$anonfun$new$34(SparkContext.scala:686)
	at org.apache.spark.util.SparkShutdownHook.run(ShutdownHookManager.scala:214)
	at org.apache.spark.util.SparkShutdownHookManager.$anonfun$runAll$2(ShutdownHookManager.scala:188)
	at scala.runtime.java8.JFunction0$mcV$sp.apply(JFunction0$mcV$sp.java:23)
	at org.apache.spark.util.Utils$.logUncaughtExceptions(Utils.scala:1928)
	at org.apache.spark.util.SparkShutdownHookManager.$anonfun$runAll$1(ShutdownHookManager.scala:188)
	at scala.runtime.java8.JFunction0$mcV$sp.apply(JFunction0$mcV$sp.java:23)
	at scala.util.Try$.apply(Try.scala:213)
	at org.apache.spark.util.SparkShutdownHookManager.runAll(ShutdownHookManager.scala:188)
	at org.apache.spark.util.SparkShutdownHookManager$$anon$2.run(ShutdownHookManager.scala:178)
	at java.base/java.util.concurrent.Executors$RunnableAdapter.call(Executors.java:539)
	at java.base/java.util.concurrent.FutureTask.run(FutureTask.java:264)
	at java.base/java.util.concurrent.ThreadPoolExecutor.runWorker(ThreadPoolExecutor.java:1136)
	at java.base/java.util.concurrent.ThreadPoolExecutor$Worker.run(ThreadPoolExecutor.java:635)
	at java.base/java.lang.Thread.run(Thread.java:840)
	at org.apache.spark.scheduler.DAGScheduler.runJob(DAGScheduler.scala:989)
	at org.apache.spark.SparkContext.runJob(SparkContext.scala:2398)
	at org.apache.spark.sql.execution.datasources.v2.V2TableWriteExec.writeWithV2(WriteToDataSourceV2Exec.scala:385)
	at org.apache.spark.sql.execution.datasources.v2.V2TableWriteExec.writeWithV2$(WriteToDataSourceV2Exec.scala:359)
	at org.apache.spark.sql.execution.datasources.v2.WriteToDataSourceV2Exec.writeWithV2(WriteToDataSourceV2Exec.scala:307)
	at org.apache.spark.sql.execution.datasources.v2.WriteToDataSourceV2Exec.run(WriteToDataSourceV2Exec.scala:318)
	at org.apache.spark.sql.execution.datasources.v2.V2CommandExec.result$lzycompute(V2CommandExec.scala:43)
	at org.apache.spark.sql.execution.datasources.v2.V2CommandExec.result(V2CommandExec.scala:43)
	at org.apache.spark.sql.execution.datasources.v2.V2CommandExec.executeCollect(V2CommandExec.scala:49)
	at org.apache.spark.sql.Dataset.collectFromPlan(Dataset.scala:4332)
	at org.apache.spark.sql.Dataset.$anonfun$collect$1(Dataset.scala:3573)
	at org.apache.spark.sql.Dataset.$anonfun$withAction$2(Dataset.scala:4322)
	at org.apache.spark.sql.execution.QueryExecution$.withInternalError(QueryExecution.scala:546)
	at org.apache.spark.sql.Dataset.$anonfun$withAction$1(Dataset.scala:4320)
	at org.apache.spark.sql.execution.SQLExecution$.$anonfun$withNewExecutionId$6(SQLExecution.scala:125)
	at org.apache.spark.sql.execution.SQLExecution$.withSQLConfPropagated(SQLExecution.scala:201)
	at org.apache.spark.sql.execution.SQLExecution$.$anonfun$withNewExecutionId$1(SQLExecution.scala:108)
	at org.apache.spark.sql.SparkSession.withActive(SparkSession.scala:900)
	at org.apache.spark.sql.execution.SQLExecution$.withNewExecutionId(SQLExecution.scala:66)
	at org.apache.spark.sql.Dataset.withAction(Dataset.scala:4320)
	at org.apache.spark.sql.Dataset.collect(Dataset.scala:3573)
	at org.apache.spark.sql.execution.streaming.MicroBatchExecution.$anonfun$runBatch$17(MicroBatchExecution.scala:741)
	at org.apache.spark.sql.execution.SQLExecution$.$anonfun$withNewExecutionId$6(SQLExecution.scala:125)
	at org.apache.spark.sql.execution.SQLExecution$.withSQLConfPropagated(SQLExecution.scala:201)
	at org.apache.spark.sql.execution.SQLExecution$.$anonfun$withNewExecutionId$1(SQLExecution.scala:108)
	at org.apache.spark.sql.SparkSession.withActive(SparkSession.scala:900)
	at org.apache.spark.sql.execution.SQLExecution$.withNewExecutionId(SQLExecution.scala:66)
	at org.apache.spark.sql.execution.streaming.MicroBatchExecution.$anonfun$runBatch$16(MicroBatchExecution.scala:729)
	at org.apache.spark.sql.execution.streaming.ProgressReporter.reportTimeTaken(ProgressReporter.scala:427)
	at org.apache.spark.sql.execution.streaming.ProgressReporter.reportTimeTaken$(ProgressReporter.scala:425)
	at org.apache.spark.sql.execution.streaming.StreamExecution.reportTimeTaken(StreamExecution.scala:67)
	at org.apache.spark.sql.execution.streaming.MicroBatchExecution.runBatch(MicroBatchExecution.scala:729)
	at org.apache.spark.sql.execution.streaming.MicroBatchExecution.$anonfun$runActivatedStream$2(MicroBatchExecution.scala:286)
	at scala.runtime.java8.JFunction0$mcV$sp.apply(JFunction0$mcV$sp.java:23)
	at org.apache.spark.sql.execution.streaming.ProgressReporter.reportTimeTaken(ProgressReporter.scala:427)
	at org.apache.spark.sql.execution.streaming.ProgressReporter.reportTimeTaken$(ProgressReporter.scala:425)
	at org.apache.spark.sql.execution.streaming.StreamExecution.reportTimeTaken(StreamExecution.scala:67)
	at org.apache.spark.sql.execution.streaming.MicroBatchExecution.$anonfun$runActivatedStream$1(MicroBatchExecution.scala:249)
	at org.apache.spark.sql.execution.streaming.ProcessingTimeExecutor.execute(TriggerExecutor.scala:67)
	at org.apache.spark.sql.execution.streaming.MicroBatchExecution.runActivatedStream(MicroBatchExecution.scala:239)
	at org.apache.spark.sql.execution.streaming.StreamExecution.$anonfun$runStream$1(StreamExecution.scala:311)
	at scala.runtime.java8.JFunction0$mcV$sp.apply(JFunction0$mcV$sp.java:23)
	at org.apache.spark.sql.SparkSession.withActive(SparkSession.scala:900)
	at org.apache.spark.sql.execution.streaming.StreamExecution.org$apache$spark$sql$execution$streaming$StreamExecution$$runStream(StreamExecution.scala:289)
	at org.apache.spark.sql.execution.streaming.StreamExecution$$anon$1.$anonfun$run$1(StreamExecution.scala:211)
	at scala.runtime.java8.JFunction0$mcV$sp.apply(JFunction0$mcV$sp.java:23)
	at org.apache.spark.JobArtifactSet$.withActiveJobArtifactState(JobArtifactSet.scala:94)
	at org.apache.spark.sql.execution.streaming.StreamExecution$$anon$1.run(StreamExecution.scala:211)
