/usr/local/lib/python3.8/site-packages/pyspark/bin/load-spark-env.sh: line 68: ps: command not found
:: loading settings :: url = jar:file:/usr/local/lib/python3.8/site-packages/pyspark/jars/ivy-2.5.1.jar!/org/apache/ivy/core/settings/ivysettings.xml
Ivy Default Cache set to: /root/.ivy2/cache
The jars for the packages stored in: /root/.ivy2/jars
org.apache.spark#spark-sql-kafka-0-10_2.12 added as a dependency
mysql#mysql-connector-java added as a dependency
:: resolving dependencies :: org.apache.spark#spark-submit-parent-fdbc607b-bc53-49bf-b0e6-806625016877;1.0
	confs: [default]
	found org.apache.spark#spark-sql-kafka-0-10_2.12;3.5.1 in central
	found org.apache.spark#spark-token-provider-kafka-0-10_2.12;3.5.1 in central
	found org.apache.kafka#kafka-clients;3.4.1 in central
	found org.lz4#lz4-java;1.8.0 in central
	found org.xerial.snappy#snappy-java;1.1.10.3 in central
	found org.slf4j#slf4j-api;2.0.7 in central
	found org.apache.hadoop#hadoop-client-runtime;3.3.4 in central
	found org.apache.hadoop#hadoop-client-api;3.3.4 in central
	found commons-logging#commons-logging;1.1.3 in central
	found com.google.code.findbugs#jsr305;3.0.0 in central
	found org.apache.commons#commons-pool2;2.11.1 in central
	found mysql#mysql-connector-java;8.0.33 in central
	found com.mysql#mysql-connector-j;8.0.33 in central
	found com.google.protobuf#protobuf-java;3.21.9 in central
:: resolution report :: resolve 1157ms :: artifacts dl 50ms
	:: modules in use:
	com.google.code.findbugs#jsr305;3.0.0 from central in [default]
	com.google.protobuf#protobuf-java;3.21.9 from central in [default]
	com.mysql#mysql-connector-j;8.0.33 from central in [default]
	commons-logging#commons-logging;1.1.3 from central in [default]
	mysql#mysql-connector-java;8.0.33 from central in [default]
	org.apache.commons#commons-pool2;2.11.1 from central in [default]
	org.apache.hadoop#hadoop-client-api;3.3.4 from central in [default]
	org.apache.hadoop#hadoop-client-runtime;3.3.4 from central in [default]
	org.apache.kafka#kafka-clients;3.4.1 from central in [default]
	org.apache.spark#spark-sql-kafka-0-10_2.12;3.5.1 from central in [default]
	org.apache.spark#spark-token-provider-kafka-0-10_2.12;3.5.1 from central in [default]
	org.lz4#lz4-java;1.8.0 from central in [default]
	org.slf4j#slf4j-api;2.0.7 from central in [default]
	org.xerial.snappy#snappy-java;1.1.10.3 from central in [default]
	---------------------------------------------------------------------
	|                  |            modules            ||   artifacts   |
	|       conf       | number| search|dwnlded|evicted|| number|dwnlded|
	---------------------------------------------------------------------
	|      default     |   14  |   0   |   0   |   0   ||   13  |   0   |
	---------------------------------------------------------------------
:: retrieving :: org.apache.spark#spark-submit-parent-fdbc607b-bc53-49bf-b0e6-806625016877
	confs: [default]
	0 artifacts copied, 13 already retrieved (0kB/19ms)
26/08/08 23:23:23 WARN NativeCodeLoader: Unable to load native-hadoop library for your platform... using builtin-java classes where applicable
26/08/08 23:23:25 INFO SparkContext: Running Spark version 3.5.1
26/08/08 23:23:25 INFO SparkContext: OS info Linux, 6.8.0-1052-azure, amd64
26/08/08 23:23:25 INFO SparkContext: Java version 17.0.20
26/08/08 23:23:25 INFO ResourceUtils: ==============================================================
26/08/08 23:23:25 INFO ResourceUtils: No custom resources configured for spark.driver.
26/08/08 23:23:25 INFO ResourceUtils: ==============================================================
26/08/08 23:23:25 INFO SparkContext: Submitted application: ActividadKafkaStreamingDemoMySQL
26/08/08 23:23:25 INFO ResourceProfile: Default ResourceProfile created, executor resources: Map(memory -> name: memory, amount: 1024, script: , vendor: , offHeap -> name: offHeap, amount: 0, script: , vendor: ), task resources: Map(cpus -> name: cpus, amount: 1.0)
26/08/08 23:23:25 INFO ResourceProfile: Limiting resource is cpu
26/08/08 23:23:25 INFO ResourceProfileManager: Added ResourceProfile id: 0
26/08/08 23:23:25 INFO SecurityManager: Changing view acls to: root
26/08/08 23:23:25 INFO SecurityManager: Changing modify acls to: root
26/08/08 23:23:25 INFO SecurityManager: Changing view acls groups to: 
26/08/08 23:23:25 INFO SecurityManager: Changing modify acls groups to: 
26/08/08 23:23:25 INFO SecurityManager: SecurityManager: authentication disabled; ui acls disabled; users with view permissions: root; groups with view permissions: EMPTY; users with modify permissions: root; groups with modify permissions: EMPTY
26/08/08 23:23:25 INFO Utils: Successfully started service 'sparkDriver' on port 43891.
26/08/08 23:23:25 INFO SparkEnv: Registering MapOutputTracker
26/08/08 23:23:25 INFO SparkEnv: Registering BlockManagerMaster
26/08/08 23:23:25 INFO BlockManagerMasterEndpoint: Using org.apache.spark.storage.DefaultTopologyMapper for getting topology information
26/08/08 23:23:25 INFO BlockManagerMasterEndpoint: BlockManagerMasterEndpoint up
26/08/08 23:23:25 INFO SparkEnv: Registering BlockManagerMasterHeartbeat
26/08/08 23:23:25 INFO DiskBlockManager: Created local directory at /tmp/blockmgr-6a229f37-f8c7-499c-b0ca-4035fd685b52
26/08/08 23:23:25 INFO MemoryStore: MemoryStore started with capacity 434.4 MiB
26/08/08 23:23:25 INFO SparkEnv: Registering OutputCommitCoordinator
26/08/08 23:23:25 INFO JettyUtils: Start Jetty 0.0.0.0:4040 for SparkUI
26/08/08 23:23:25 INFO Utils: Successfully started service 'SparkUI' on port 4040.
26/08/08 23:23:25 INFO SparkContext: Added JAR file:///root/.ivy2/jars/org.apache.spark_spark-sql-kafka-0-10_2.12-3.5.1.jar at spark://jupyter:43891/jars/org.apache.spark_spark-sql-kafka-0-10_2.12-3.5.1.jar with timestamp 1786231404989
26/08/08 23:23:25 INFO SparkContext: Added JAR file:///root/.ivy2/jars/org.apache.spark_spark-token-provider-kafka-0-10_2.12-3.5.1.jar at spark://jupyter:43891/jars/org.apache.spark_spark-token-provider-kafka-0-10_2.12-3.5.1.jar with timestamp 1786231404989
26/08/08 23:23:25 INFO SparkContext: Added JAR file:///root/.ivy2/jars/org.apache.kafka_kafka-clients-3.4.1.jar at spark://jupyter:43891/jars/org.apache.kafka_kafka-clients-3.4.1.jar with timestamp 1786231404989
26/08/08 23:23:25 INFO SparkContext: Added JAR file:///root/.ivy2/jars/com.google.code.findbugs_jsr305-3.0.0.jar at spark://jupyter:43891/jars/com.google.code.findbugs_jsr305-3.0.0.jar with timestamp 1786231404989
26/08/08 23:23:25 INFO SparkContext: Added JAR file:///root/.ivy2/jars/org.apache.commons_commons-pool2-2.11.1.jar at spark://jupyter:43891/jars/org.apache.commons_commons-pool2-2.11.1.jar with timestamp 1786231404989
26/08/08 23:23:25 INFO SparkContext: Added JAR file:///root/.ivy2/jars/org.apache.hadoop_hadoop-client-runtime-3.3.4.jar at spark://jupyter:43891/jars/org.apache.hadoop_hadoop-client-runtime-3.3.4.jar with timestamp 1786231404989
26/08/08 23:23:25 INFO SparkContext: Added JAR file:///root/.ivy2/jars/org.lz4_lz4-java-1.8.0.jar at spark://jupyter:43891/jars/org.lz4_lz4-java-1.8.0.jar with timestamp 1786231404989
26/08/08 23:23:25 INFO SparkContext: Added JAR file:///root/.ivy2/jars/org.xerial.snappy_snappy-java-1.1.10.3.jar at spark://jupyter:43891/jars/org.xerial.snappy_snappy-java-1.1.10.3.jar with timestamp 1786231404989
26/08/08 23:23:25 INFO SparkContext: Added JAR file:///root/.ivy2/jars/org.slf4j_slf4j-api-2.0.7.jar at spark://jupyter:43891/jars/org.slf4j_slf4j-api-2.0.7.jar with timestamp 1786231404989
26/08/08 23:23:25 INFO SparkContext: Added JAR file:///root/.ivy2/jars/org.apache.hadoop_hadoop-client-api-3.3.4.jar at spark://jupyter:43891/jars/org.apache.hadoop_hadoop-client-api-3.3.4.jar with timestamp 1786231404989
26/08/08 23:23:25 INFO SparkContext: Added JAR file:///root/.ivy2/jars/commons-logging_commons-logging-1.1.3.jar at spark://jupyter:43891/jars/commons-logging_commons-logging-1.1.3.jar with timestamp 1786231404989
26/08/08 23:23:25 INFO SparkContext: Added JAR file:///root/.ivy2/jars/com.mysql_mysql-connector-j-8.0.33.jar at spark://jupyter:43891/jars/com.mysql_mysql-connector-j-8.0.33.jar with timestamp 1786231404989
26/08/08 23:23:25 INFO SparkContext: Added JAR file:///root/.ivy2/jars/com.google.protobuf_protobuf-java-3.21.9.jar at spark://jupyter:43891/jars/com.google.protobuf_protobuf-java-3.21.9.jar with timestamp 1786231404989
26/08/08 23:23:25 INFO SparkContext: Added file file:///root/.ivy2/jars/org.apache.spark_spark-sql-kafka-0-10_2.12-3.5.1.jar at spark://jupyter:43891/files/org.apache.spark_spark-sql-kafka-0-10_2.12-3.5.1.jar with timestamp 1786231404989
26/08/08 23:23:25 INFO Utils: Copying /root/.ivy2/jars/org.apache.spark_spark-sql-kafka-0-10_2.12-3.5.1.jar to /tmp/spark-7f3f10fd-835e-4805-822f-1b52deb153c2/userFiles-bceacaf2-c517-4a37-8780-c5fe023eeaa7/org.apache.spark_spark-sql-kafka-0-10_2.12-3.5.1.jar
26/08/08 23:23:26 INFO SparkContext: Added file file:///root/.ivy2/jars/org.apache.spark_spark-token-provider-kafka-0-10_2.12-3.5.1.jar at spark://jupyter:43891/files/org.apache.spark_spark-token-provider-kafka-0-10_2.12-3.5.1.jar with timestamp 1786231404989
26/08/08 23:23:26 INFO Utils: Copying /root/.ivy2/jars/org.apache.spark_spark-token-provider-kafka-0-10_2.12-3.5.1.jar to /tmp/spark-7f3f10fd-835e-4805-822f-1b52deb153c2/userFiles-bceacaf2-c517-4a37-8780-c5fe023eeaa7/org.apache.spark_spark-token-provider-kafka-0-10_2.12-3.5.1.jar
26/08/08 23:23:26 INFO SparkContext: Added file file:///root/.ivy2/jars/org.apache.kafka_kafka-clients-3.4.1.jar at spark://jupyter:43891/files/org.apache.kafka_kafka-clients-3.4.1.jar with timestamp 1786231404989
26/08/08 23:23:26 INFO Utils: Copying /root/.ivy2/jars/org.apache.kafka_kafka-clients-3.4.1.jar to /tmp/spark-7f3f10fd-835e-4805-822f-1b52deb153c2/userFiles-bceacaf2-c517-4a37-8780-c5fe023eeaa7/org.apache.kafka_kafka-clients-3.4.1.jar
26/08/08 23:23:26 INFO SparkContext: Added file file:///root/.ivy2/jars/com.google.code.findbugs_jsr305-3.0.0.jar at spark://jupyter:43891/files/com.google.code.findbugs_jsr305-3.0.0.jar with timestamp 1786231404989
26/08/08 23:23:26 INFO Utils: Copying /root/.ivy2/jars/com.google.code.findbugs_jsr305-3.0.0.jar to /tmp/spark-7f3f10fd-835e-4805-822f-1b52deb153c2/userFiles-bceacaf2-c517-4a37-8780-c5fe023eeaa7/com.google.code.findbugs_jsr305-3.0.0.jar
26/08/08 23:23:26 INFO SparkContext: Added file file:///root/.ivy2/jars/org.apache.commons_commons-pool2-2.11.1.jar at spark://jupyter:43891/files/org.apache.commons_commons-pool2-2.11.1.jar with timestamp 1786231404989
26/08/08 23:23:26 INFO Utils: Copying /root/.ivy2/jars/org.apache.commons_commons-pool2-2.11.1.jar to /tmp/spark-7f3f10fd-835e-4805-822f-1b52deb153c2/userFiles-bceacaf2-c517-4a37-8780-c5fe023eeaa7/org.apache.commons_commons-pool2-2.11.1.jar
26/08/08 23:23:26 INFO SparkContext: Added file file:///root/.ivy2/jars/org.apache.hadoop_hadoop-client-runtime-3.3.4.jar at spark://jupyter:43891/files/org.apache.hadoop_hadoop-client-runtime-3.3.4.jar with timestamp 1786231404989
26/08/08 23:23:26 INFO Utils: Copying /root/.ivy2/jars/org.apache.hadoop_hadoop-client-runtime-3.3.4.jar to /tmp/spark-7f3f10fd-835e-4805-822f-1b52deb153c2/userFiles-bceacaf2-c517-4a37-8780-c5fe023eeaa7/org.apache.hadoop_hadoop-client-runtime-3.3.4.jar
26/08/08 23:23:26 INFO SparkContext: Added file file:///root/.ivy2/jars/org.lz4_lz4-java-1.8.0.jar at spark://jupyter:43891/files/org.lz4_lz4-java-1.8.0.jar with timestamp 1786231404989
26/08/08 23:23:26 INFO Utils: Copying /root/.ivy2/jars/org.lz4_lz4-java-1.8.0.jar to /tmp/spark-7f3f10fd-835e-4805-822f-1b52deb153c2/userFiles-bceacaf2-c517-4a37-8780-c5fe023eeaa7/org.lz4_lz4-java-1.8.0.jar
26/08/08 23:23:26 INFO SparkContext: Added file file:///root/.ivy2/jars/org.xerial.snappy_snappy-java-1.1.10.3.jar at spark://jupyter:43891/files/org.xerial.snappy_snappy-java-1.1.10.3.jar with timestamp 1786231404989
26/08/08 23:23:26 INFO Utils: Copying /root/.ivy2/jars/org.xerial.snappy_snappy-java-1.1.10.3.jar to /tmp/spark-7f3f10fd-835e-4805-822f-1b52deb153c2/userFiles-bceacaf2-c517-4a37-8780-c5fe023eeaa7/org.xerial.snappy_snappy-java-1.1.10.3.jar
26/08/08 23:23:26 INFO SparkContext: Added file file:///root/.ivy2/jars/org.slf4j_slf4j-api-2.0.7.jar at spark://jupyter:43891/files/org.slf4j_slf4j-api-2.0.7.jar with timestamp 1786231404989
26/08/08 23:23:26 INFO Utils: Copying /root/.ivy2/jars/org.slf4j_slf4j-api-2.0.7.jar to /tmp/spark-7f3f10fd-835e-4805-822f-1b52deb153c2/userFiles-bceacaf2-c517-4a37-8780-c5fe023eeaa7/org.slf4j_slf4j-api-2.0.7.jar
26/08/08 23:23:26 INFO SparkContext: Added file file:///root/.ivy2/jars/org.apache.hadoop_hadoop-client-api-3.3.4.jar at spark://jupyter:43891/files/org.apache.hadoop_hadoop-client-api-3.3.4.jar with timestamp 1786231404989
26/08/08 23:23:26 INFO Utils: Copying /root/.ivy2/jars/org.apache.hadoop_hadoop-client-api-3.3.4.jar to /tmp/spark-7f3f10fd-835e-4805-822f-1b52deb153c2/userFiles-bceacaf2-c517-4a37-8780-c5fe023eeaa7/org.apache.hadoop_hadoop-client-api-3.3.4.jar
26/08/08 23:23:26 INFO SparkContext: Added file file:///root/.ivy2/jars/commons-logging_commons-logging-1.1.3.jar at spark://jupyter:43891/files/commons-logging_commons-logging-1.1.3.jar with timestamp 1786231404989
26/08/08 23:23:26 INFO Utils: Copying /root/.ivy2/jars/commons-logging_commons-logging-1.1.3.jar to /tmp/spark-7f3f10fd-835e-4805-822f-1b52deb153c2/userFiles-bceacaf2-c517-4a37-8780-c5fe023eeaa7/commons-logging_commons-logging-1.1.3.jar
26/08/08 23:23:26 INFO SparkContext: Added file file:///root/.ivy2/jars/com.mysql_mysql-connector-j-8.0.33.jar at spark://jupyter:43891/files/com.mysql_mysql-connector-j-8.0.33.jar with timestamp 1786231404989
26/08/08 23:23:26 INFO Utils: Copying /root/.ivy2/jars/com.mysql_mysql-connector-j-8.0.33.jar to /tmp/spark-7f3f10fd-835e-4805-822f-1b52deb153c2/userFiles-bceacaf2-c517-4a37-8780-c5fe023eeaa7/com.mysql_mysql-connector-j-8.0.33.jar
26/08/08 23:23:26 INFO SparkContext: Added file file:///root/.ivy2/jars/com.google.protobuf_protobuf-java-3.21.9.jar at spark://jupyter:43891/files/com.google.protobuf_protobuf-java-3.21.9.jar with timestamp 1786231404989
26/08/08 23:23:26 INFO Utils: Copying /root/.ivy2/jars/com.google.protobuf_protobuf-java-3.21.9.jar to /tmp/spark-7f3f10fd-835e-4805-822f-1b52deb153c2/userFiles-bceacaf2-c517-4a37-8780-c5fe023eeaa7/com.google.protobuf_protobuf-java-3.21.9.jar
26/08/08 23:23:26 INFO StandaloneAppClient$ClientEndpoint: Connecting to master spark://spark-master:7077...
26/08/08 23:23:26 INFO TransportClientFactory: Successfully created connection to spark-master/172.27.1.10:7077 after 97 ms (0 ms spent in bootstraps)
26/08/08 23:23:26 INFO StandaloneSchedulerBackend: Connected to Spark cluster with app ID app-20260808232326-0005
26/08/08 23:23:26 INFO StandaloneAppClient$ClientEndpoint: Executor added: app-20260808232326-0005/0 on worker-20260808201803-172.27.1.11-35177 (172.27.1.11:35177) with 3 core(s)
26/08/08 23:23:26 INFO StandaloneSchedulerBackend: Granted executor ID app-20260808232326-0005/0 on hostPort 172.27.1.11:35177 with 3 core(s), 1024.0 MiB RAM
26/08/08 23:23:26 INFO StandaloneAppClient$ClientEndpoint: Executor added: app-20260808232326-0005/1 on worker-20260808201804-172.27.1.13-34495 (172.27.1.13:34495) with 2 core(s)
26/08/08 23:23:26 INFO StandaloneSchedulerBackend: Granted executor ID app-20260808232326-0005/1 on hostPort 172.27.1.13:34495 with 2 core(s), 1024.0 MiB RAM
26/08/08 23:23:26 INFO StandaloneAppClient$ClientEndpoint: Executor updated: app-20260808232326-0005/0 is now RUNNING
26/08/08 23:23:26 INFO StandaloneAppClient$ClientEndpoint: Executor updated: app-20260808232326-0005/1 is now RUNNING
26/08/08 23:23:26 INFO Utils: Successfully started service 'org.apache.spark.network.netty.NettyBlockTransferService' on port 39925.
26/08/08 23:23:26 INFO NettyBlockTransferService: Server created on jupyter:39925
26/08/08 23:23:26 INFO BlockManager: Using org.apache.spark.storage.RandomBlockReplicationPolicy for block replication policy
26/08/08 23:23:26 INFO BlockManagerMaster: Registering BlockManager BlockManagerId(driver, jupyter, 39925, None)
26/08/08 23:23:26 INFO BlockManagerMasterEndpoint: Registering block manager jupyter:39925 with 434.4 MiB RAM, BlockManagerId(driver, jupyter, 39925, None)
26/08/08 23:23:26 INFO BlockManagerMaster: Registered BlockManager BlockManagerId(driver, jupyter, 39925, None)
26/08/08 23:23:26 INFO BlockManager: Initialized BlockManager: BlockManagerId(driver, jupyter, 39925, None)
26/08/08 23:23:27 INFO StandaloneSchedulerBackend: SchedulerBackend is ready for scheduling beginning after reached minRegisteredResourcesRatio: 0.0
26/08/08 23:23:36 WARN ResolveWriteToStream: Temporary checkpoint location created which is deleted normally when the query didn't fail: /tmp/temporary-c3816bc2-387b-486c-a591-ab2867297406. If it's required to delete it under any circumstances, please set spark.sql.streaming.forceDeleteTempCheckpointLocation to true. Important to know deleting temp checkpoint folder is best effort.
26/08/08 23:23:36 WARN ResolveWriteToStream: spark.sql.adaptive.enabled is not supported in streaming DataFrames/Datasets and will be disabled.
26/08/08 23:23:37 WARN ResolveWriteToStream: Temporary checkpoint location created which is deleted normally when the query didn't fail: /tmp/temporary-9225cd21-4acd-4133-a4fe-60c7a3bdc90a. If it's required to delete it under any circumstances, please set spark.sql.streaming.forceDeleteTempCheckpointLocation to true. Important to know deleting temp checkpoint folder is best effort.
26/08/08 23:23:37 WARN ResolveWriteToStream: spark.sql.adaptive.enabled is not supported in streaming DataFrames/Datasets and will be disabled.
>> Streaming iniciado. Persistiendo en MySQL cada 5s.
>> Revisa en Adminer: SELECT * FROM ventas_por_canal; / SELECT * FROM ventas_por_tienda;
26/08/08 23:23:39 WARN AdminClientConfig: These configurations '[key.deserializer, value.deserializer, enable.auto.commit, max.poll.records, auto.offset.reset]' were supplied but are not used yet.
26/08/08 23:23:39 WARN AdminClientConfig: These configurations '[key.deserializer, value.deserializer, enable.auto.commit, max.poll.records, auto.offset.reset]' were supplied but are not used yet.
>> [batch 0] ventas_por_canal actualizada en MySQL (3 filas)
26/08/08 23:24:35 WARN ProcessingTimeExecutor: Current batch is falling behind. The trigger interval is 5000 milliseconds, but spent 57737 milliseconds
>> [batch 0] ventas_por_tienda actualizada en MySQL (5 filas)
26/08/08 23:24:38 WARN ProcessingTimeExecutor: Current batch is falling behind. The trigger interval is 5000 milliseconds, but spent 60461 milliseconds
